===== RUN 2025-10-27 05:42:26 -03 (minute 0/350, iter 1) =====
[05:42:27] [REQ#1 agenda=82 recurso=213] Старт запроса.
[05:42:29] [REQ#1 agenda=82 recurso=213] HTTP 200
------ ОТВЕТ СЕРВЕРА (REQ#1 agenda=82 recurso=213) ------
{"textoAgendaPaso2":"SOLO REALICE UNA RESERVA si cuenta con toda la \r\ndocumentaci\u00f3n en forma, ya que una vez abonada \r\nno habr\u00e1 devoluciones.","textoRecursoPaso2":null,"disponibilidades":[]}
------------------------------------
[05:42:29] [REQ#1 agenda=82 recurso=213] Нет свободных мест.
[05:42:29] [REQ#2 agenda=7 recurso=214] Старт запроса.
[05:42:30] [REQ#2 agenda=7 recurso=214] HTTP 200
------ ОТВЕТ СЕРВЕРА (REQ#2 agenda=7 recurso=214) ------
{"textoAgendaPaso2":"","textoRecursoPaso2":null,"disponibilidades":[]}
------------------------------------
[05:42:30] [REQ#2 agenda=7 recurso=214] Нет свободных мест.
===== RUN 2025-10-27 05:44:30 -03 (minute 2/350, iter 2) =====
[05:44:30] [REQ#1 agenda=82 recurso=213] Старт запроса.
[05:44:32] [REQ#1 agenda=82 recurso=213] HTTP 200
------ ОТВЕТ СЕРВЕРА (REQ#1 agenda=82 recurso=213) ------
{"textoAgendaPaso2":"SOLO REALICE UNA RESERVA si cuenta con toda la \r\ndocumentaci\u00f3n en forma, ya que una vez abonada \r\nno habr\u00e1 devoluciones.","textoRecursoPaso2":null,"disponibilidades":[]}
------------------------------------
[05:44:32] [REQ#1 agenda=82 recurso=213] Нет свободных мест.
[05:44:32] [REQ#2 agenda=7 recurso=214] Старт запроса.
[05:44:33] [REQ#2 agenda=7 recurso=214] HTTP 200
------ ОТВЕТ СЕРВЕРА (REQ#2 agenda=7 recurso=214) ------
{"textoAgendaPaso2":"","textoRecursoPaso2":null,"disponibilidades":[]}
------------------------------------
[05:44:33] [REQ#2 agenda=7 recurso=214] Нет свободных мест.
===== RUN 2025-10-27 05:46:33 -03 (minute 4/350, iter 3) =====
[05:46:34] [REQ#1 agenda=82 recurso=213] Старт запроса.
[05:46:35] [REQ#1 agenda=82 recurso=213] HTTP 200
------ ОТВЕТ СЕРВЕРА (REQ#1 agenda=82 recurso=213) ------
{"textoAgendaPaso2":"SOLO REALICE UNA RESERVA si cuenta con toda la \r\ndocumentaci\u00f3n en forma, ya que una vez abonada \r\nno habr\u00e1 devoluciones.","textoRecursoPaso2":null,"disponibilidades":[]}
------------------------------------
[05:46:35] [REQ#1 agenda=82 recurso=213] Нет свободных мест.
[05:46:35] [REQ#2 agenda=7 recurso=214] Старт запроса.
[05:46:36] [REQ#2 agenda=7 recurso=214] HTTP 200
------ ОТВЕТ СЕРВЕРА (REQ#2 agenda=7 recurso=214) ------
{"textoAgendaPaso2":"","textoRecursoPaso2":null,"disponibilidades":[]}
------------------------------------
[05:46:36] [REQ#2 agenda=7 recurso=214] Нет свободных мест.
===== RUN 2025-10-27 05:48:37 -03 (minute 6/350, iter 4) =====
[05:48:37] [REQ#1 agenda=82 recurso=213] Старт запроса.
[05:48:38] [REQ#1 agenda=82 recurso=213] HTTP 200
------ ОТВЕТ СЕРВЕРА (REQ#1 agenda=82 recurso=213) ------
{"textoAgendaPaso2":"SOLO REALICE UNA RESERVA si cuenta con toda la \r\ndocumentaci\u00f3n en forma, ya que una vez abonada \r\nno habr\u00e1 devoluciones.","textoRecursoPaso2":null,"disponibilidades":[]}
------------------------------------
[05:48:38] [REQ#1 agenda=82 recurso=213] Нет свободных мест.
[05:48:38] [REQ#2 agenda=7 recurso=214] Старт запроса.
[05:48:39] [REQ#2 agenda=7 recurso=214] HTTP 200
------ ОТВЕТ СЕРВЕРА (REQ#2 agenda=7 recurso=214) ------
{"textoAgendaPaso2":"","textoRecursoPaso2":null,"disponibilidades":[]}
------------------------------------
[05:48:39] [REQ#2 agenda=7 recurso=214] Нет свободных мест.
===== RUN 2025-10-27 05:50:40 -03 (minute 8/350, iter 5) =====
[05:50:40] [REQ#1 agenda=82 recurso=213] Старт запроса.
[05:50:41] [REQ#1 agenda=82 recurso=213] HTTP 200
------ ОТВЕТ СЕРВЕРА (REQ#1 agenda=82 recurso=213) ------
{"textoAgendaPaso2":"SOLO REALICE UNA RESERVA si cuenta con toda la \r\ndocumentaci\u00f3n en forma, ya que una vez abonada \r\nno habr\u00e1 devoluciones.","textoRecursoPaso2":null,"disponibilidades":[]}
------------------------------------
[05:50:41] [REQ#1 agenda=82 recurso=213] Нет свободных мест.
[05:50:41] [REQ#2 agenda=7 recurso=214] Старт запроса.
[05:50:42] [REQ#2 agenda=7 recurso=214] HTTP 200
------ ОТВЕТ СЕРВЕРА (REQ#2 agenda=7 recurso=214) ------
{"textoAgendaPaso2":"","textoRecursoPaso2":null,"disponibilidades":[]}
------------------------------------
[05:50:42] [REQ#2 agenda=7 recurso=214] Нет свободных мест.
===== RUN 2025-10-27 05:52:43 -03 (minute 10/350, iter 6) =====
[05:52:43] [REQ#1 agenda=82 recurso=213] Старт запроса.
[05:52:44] [REQ#1 agenda=82 recurso=213] HTTP 200
------ ОТВЕТ СЕРВЕРА (REQ#1 agenda=82 recurso=213) ------
{"textoAgendaPaso2":"SOLO REALICE UNA RESERVA si cuenta con toda la \r\ndocumentaci\u00f3n en forma, ya que una vez abonada \r\nno habr\u00e1 devoluciones.","textoRecursoPaso2":null,"disponibilidades":[]}
------------------------------------
[05:52:44] [REQ#1 agenda=82 recurso=213] Нет свободных мест.
[05:52:44] [REQ#2 agenda=7 recurso=214] Старт запроса.
[05:52:45] [REQ#2 agenda=7 recurso=214] HTTP 200
------ ОТВЕТ СЕРВЕРА (REQ#2 agenda=7 recurso=214) ------
{"textoAgendaPaso2":"","textoRecursoPaso2":null,"disponibilidades":[]}
------------------------------------
[05:52:45] [REQ#2 agenda=7 recurso=214] Нет свободных мест.
