===== RUN 2025-10-30 03:56:14 -03 (minute 0/350, iter 1) =====
[03:56:15] [REQ#1 agenda=82 recurso=213] Старт запроса.
[03:56:17] [REQ#1 agenda=82 recurso=213] HTTP 200
------ ОТВЕТ СЕРВЕРА (REQ#1 agenda=82 recurso=213) ------
{"textoAgendaPaso2":"SOLO REALICE UNA RESERVA si cuenta con toda la \r\ndocumentaci\u00f3n en forma, ya que una vez abonada \r\nno habr\u00e1 devoluciones.","textoRecursoPaso2":null,"disponibilidades":[]}
------------------------------------
[03:56:17] [REQ#1 agenda=82 recurso=213] Нет свободных мест.
[03:56:17] [REQ#2 agenda=7 recurso=214] Старт запроса.
[03:56:18] [REQ#2 agenda=7 recurso=214] HTTP 200
------ ОТВЕТ СЕРВЕРА (REQ#2 agenda=7 recurso=214) ------
{"textoAgendaPaso2":"","textoRecursoPaso2":null,"disponibilidades":[]}
------------------------------------
[03:56:18] [REQ#2 agenda=7 recurso=214] Нет свободных мест.
===== RUN 2025-10-30 03:58:18 -03 (minute 2/350, iter 2) =====
[03:58:18] [REQ#1 agenda=82 recurso=213] Старт запроса.
[03:58:20] [REQ#1 agenda=82 recurso=213] HTTP 200
------ ОТВЕТ СЕРВЕРА (REQ#1 agenda=82 recurso=213) ------
{"textoAgendaPaso2":"SOLO REALICE UNA RESERVA si cuenta con toda la \r\ndocumentaci\u00f3n en forma, ya que una vez abonada \r\nno habr\u00e1 devoluciones.","textoRecursoPaso2":null,"disponibilidades":[]}
------------------------------------
[03:58:20] [REQ#1 agenda=82 recurso=213] Нет свободных мест.
[03:58:20] [REQ#2 agenda=7 recurso=214] Старт запроса.
[03:58:21] [REQ#2 agenda=7 recurso=214] HTTP 200
------ ОТВЕТ СЕРВЕРА (REQ#2 agenda=7 recurso=214) ------
{"textoAgendaPaso2":"","textoRecursoPaso2":null,"disponibilidades":[]}
------------------------------------
[03:58:21] [REQ#2 agenda=7 recurso=214] Нет свободных мест.
===== RUN 2025-10-30 04:00:22 -03 (minute 4/350, iter 3) =====
[04:00:22] [REQ#1 agenda=82 recurso=213] Старт запроса.
[04:00:24] [REQ#1 agenda=82 recurso=213] HTTP 200
------ ОТВЕТ СЕРВЕРА (REQ#1 agenda=82 recurso=213) ------
{"textoAgendaPaso2":"SOLO REALICE UNA RESERVA si cuenta con toda la \r\ndocumentaci\u00f3n en forma, ya que una vez abonada \r\nno habr\u00e1 devoluciones.","textoRecursoPaso2":null,"disponibilidades":[]}
------------------------------------
[04:00:24] [REQ#1 agenda=82 recurso=213] Нет свободных мест.
[04:00:24] [REQ#2 agenda=7 recurso=214] Старт запроса.
[04:00:25] [REQ#2 agenda=7 recurso=214] HTTP 200
------ ОТВЕТ СЕРВЕРА (REQ#2 agenda=7 recurso=214) ------
{"textoAgendaPaso2":"","textoRecursoPaso2":null,"disponibilidades":[]}
------------------------------------
[04:00:25] [REQ#2 agenda=7 recurso=214] Нет свободных мест.
===== RUN 2025-10-30 04:02:26 -03 (minute 6/350, iter 4) =====
[04:02:26] [REQ#1 agenda=82 recurso=213] Старт запроса.
[04:02:28] [REQ#1 agenda=82 recurso=213] HTTP 200
------ ОТВЕТ СЕРВЕРА (REQ#1 agenda=82 recurso=213) ------
{"textoAgendaPaso2":"SOLO REALICE UNA RESERVA si cuenta con toda la \r\ndocumentaci\u00f3n en forma, ya que una vez abonada \r\nno habr\u00e1 devoluciones.","textoRecursoPaso2":null,"disponibilidades":[]}
------------------------------------
[04:02:28] [REQ#1 agenda=82 recurso=213] Нет свободных мест.
[04:02:28] [REQ#2 agenda=7 recurso=214] Старт запроса.
[04:02:29] [REQ#2 agenda=7 recurso=214] HTTP 200
------ ОТВЕТ СЕРВЕРА (REQ#2 agenda=7 recurso=214) ------
{"textoAgendaPaso2":"","textoRecursoPaso2":null,"disponibilidades":[]}
------------------------------------
[04:02:29] [REQ#2 agenda=7 recurso=214] Нет свободных мест.
===== RUN 2025-10-30 04:04:29 -03 (minute 8/350, iter 5) =====
[04:04:29] [REQ#1 agenda=82 recurso=213] Старт запроса.
[04:04:31] [REQ#1 agenda=82 recurso=213] HTTP 200
------ ОТВЕТ СЕРВЕРА (REQ#1 agenda=82 recurso=213) ------
{"textoAgendaPaso2":"SOLO REALICE UNA RESERVA si cuenta con toda la \r\ndocumentaci\u00f3n en forma, ya que una vez abonada \r\nno habr\u00e1 devoluciones.","textoRecursoPaso2":null,"disponibilidades":[]}
------------------------------------
[04:04:31] [REQ#1 agenda=82 recurso=213] Нет свободных мест.
[04:04:31] [REQ#2 agenda=7 recurso=214] Старт запроса.
[04:04:32] [REQ#2 agenda=7 recurso=214] HTTP 200
------ ОТВЕТ СЕРВЕРА (REQ#2 agenda=7 recurso=214) ------
{"textoAgendaPaso2":"","textoRecursoPaso2":null,"disponibilidades":[]}
------------------------------------
[04:04:32] [REQ#2 agenda=7 recurso=214] Нет свободных мест.
===== RUN 2025-10-30 04:06:33 -03 (minute 10/350, iter 6) =====
[04:06:33] [REQ#1 agenda=82 recurso=213] Старт запроса.
[04:06:34] [REQ#1 agenda=82 recurso=213] HTTP 200
------ ОТВЕТ СЕРВЕРА (REQ#1 agenda=82 recurso=213) ------
{"textoAgendaPaso2":"SOLO REALICE UNA RESERVA si cuenta con toda la \r\ndocumentaci\u00f3n en forma, ya que una vez abonada \r\nno habr\u00e1 devoluciones.","textoRecursoPaso2":null,"disponibilidades":[]}
------------------------------------
[04:06:34] [REQ#1 agenda=82 recurso=213] Нет свободных мест.
[04:06:34] [REQ#2 agenda=7 recurso=214] Старт запроса.
[04:06:35] [REQ#2 agenda=7 recurso=214] HTTP 200
------ ОТВЕТ СЕРВЕРА (REQ#2 agenda=7 recurso=214) ------
{"textoAgendaPaso2":"","textoRecursoPaso2":null,"disponibilidades":[]}
------------------------------------
[04:06:35] [REQ#2 agenda=7 recurso=214] Нет свободных мест.
===== RUN 2025-10-30 04:08:36 -03 (minute 12/350, iter 7) =====
[04:08:36] [REQ#1 agenda=82 recurso=213] Старт запроса.
[04:08:38] [REQ#1 agenda=82 recurso=213] HTTP 200
------ ОТВЕТ СЕРВЕРА (REQ#1 agenda=82 recurso=213) ------
{"textoAgendaPaso2":"SOLO REALICE UNA RESERVA si cuenta con toda la \r\ndocumentaci\u00f3n en forma, ya que una vez abonada \r\nno habr\u00e1 devoluciones.","textoRecursoPaso2":null,"disponibilidades":[]}
------------------------------------
[04:08:38] [REQ#1 agenda=82 recurso=213] Нет свободных мест.
[04:08:38] [REQ#2 agenda=7 recurso=214] Старт запроса.
[04:08:39] [REQ#2 agenda=7 recurso=214] HTTP 200
------ ОТВЕТ СЕРВЕРА (REQ#2 agenda=7 recurso=214) ------
{"textoAgendaPaso2":"","textoRecursoPaso2":null,"disponibilidades":[]}
------------------------------------
[04:08:39] [REQ#2 agenda=7 recurso=214] Нет свободных мест.
===== RUN 2025-10-30 04:10:40 -03 (minute 14/350, iter 8) =====
[04:10:40] [REQ#1 agenda=82 recurso=213] Старт запроса.
[04:10:42] [REQ#1 agenda=82 recurso=213] HTTP 200
------ ОТВЕТ СЕРВЕРА (REQ#1 agenda=82 recurso=213) ------
{"textoAgendaPaso2":"SOLO REALICE UNA RESERVA si cuenta con toda la \r\ndocumentaci\u00f3n en forma, ya que una vez abonada \r\nno habr\u00e1 devoluciones.","textoRecursoPaso2":null,"disponibilidades":[]}
------------------------------------
[04:10:42] [REQ#1 agenda=82 recurso=213] Нет свободных мест.
[04:10:42] [REQ#2 agenda=7 recurso=214] Старт запроса.
[04:10:43] [REQ#2 agenda=7 recurso=214] HTTP 200
------ ОТВЕТ СЕРВЕРА (REQ#2 agenda=7 recurso=214) ------
{"textoAgendaPaso2":"","textoRecursoPaso2":null,"disponibilidades":[]}
------------------------------------
[04:10:43] [REQ#2 agenda=7 recurso=214] Нет свободных мест.
===== RUN 2025-10-30 04:12:43 -03 (minute 16/350, iter 9) =====
[04:12:43] [REQ#1 agenda=82 recurso=213] Старт запроса.
[04:12:45] [REQ#1 agenda=82 recurso=213] HTTP 200
------ ОТВЕТ СЕРВЕРА (REQ#1 agenda=82 recurso=213) ------
{"textoAgendaPaso2":"SOLO REALICE UNA RESERVA si cuenta con toda la \r\ndocumentaci\u00f3n en forma, ya que una vez abonada \r\nno habr\u00e1 devoluciones.","textoRecursoPaso2":null,"disponibilidades":[]}
------------------------------------
[04:12:45] [REQ#1 agenda=82 recurso=213] Нет свободных мест.
[04:12:45] [REQ#2 agenda=7 recurso=214] Старт запроса.
[04:12:46] [REQ#2 agenda=7 recurso=214] HTTP 200
------ ОТВЕТ СЕРВЕРА (REQ#2 agenda=7 recurso=214) ------
{"textoAgendaPaso2":"","textoRecursoPaso2":null,"disponibilidades":[]}
------------------------------------
[04:12:46] [REQ#2 agenda=7 recurso=214] Нет свободных мест.
===== RUN 2025-10-30 04:14:46 -03 (minute 18/350, iter 10) =====
[04:14:47] [REQ#1 agenda=82 recurso=213] Старт запроса.
[04:14:48] [REQ#1 agenda=82 recurso=213] HTTP 200
------ ОТВЕТ СЕРВЕРА (REQ#1 agenda=82 recurso=213) ------
{"textoAgendaPaso2":"SOLO REALICE UNA RESERVA si cuenta con toda la \r\ndocumentaci\u00f3n en forma, ya que una vez abonada \r\nno habr\u00e1 devoluciones.","textoRecursoPaso2":null,"disponibilidades":[]}
------------------------------------
[04:14:48] [REQ#1 agenda=82 recurso=213] Нет свободных мест.
[04:14:48] [REQ#2 agenda=7 recurso=214] Старт запроса.
[04:14:49] [REQ#2 agenda=7 recurso=214] HTTP 200
------ ОТВЕТ СЕРВЕРА (REQ#2 agenda=7 recurso=214) ------
{"textoAgendaPaso2":"","textoRecursoPaso2":null,"disponibilidades":[]}
------------------------------------
[04:14:49] [REQ#2 agenda=7 recurso=214] Нет свободных мест.
===== RUN 2025-10-30 04:16:49 -03 (minute 20/350, iter 11) =====
[04:16:49] [REQ#1 agenda=82 recurso=213] Старт запроса.
[04:16:51] [REQ#1 agenda=82 recurso=213] HTTP 200
------ ОТВЕТ СЕРВЕРА (REQ#1 agenda=82 recurso=213) ------
{"textoAgendaPaso2":"SOLO REALICE UNA RESERVA si cuenta con toda la \r\ndocumentaci\u00f3n en forma, ya que una vez abonada \r\nno habr\u00e1 devoluciones.","textoRecursoPaso2":null,"disponibilidades":[]}
------------------------------------
[04:16:51] [REQ#1 agenda=82 recurso=213] Нет свободных мест.
[04:16:51] [REQ#2 agenda=7 recurso=214] Старт запроса.
[04:16:52] [REQ#2 agenda=7 recurso=214] HTTP 200
------ ОТВЕТ СЕРВЕРА (REQ#2 agenda=7 recurso=214) ------
{"textoAgendaPaso2":"","textoRecursoPaso2":null,"disponibilidades":[]}
------------------------------------
[04:16:52] [REQ#2 agenda=7 recurso=214] Нет свободных мест.
===== RUN 2025-10-30 04:18:52 -03 (minute 22/350, iter 12) =====
[04:18:52] [REQ#1 agenda=82 recurso=213] Старт запроса.
[04:18:54] [REQ#1 agenda=82 recurso=213] HTTP 200
------ ОТВЕТ СЕРВЕРА (REQ#1 agenda=82 recurso=213) ------
{"textoAgendaPaso2":"SOLO REALICE UNA RESERVA si cuenta con toda la \r\ndocumentaci\u00f3n en forma, ya que una vez abonada \r\nno habr\u00e1 devoluciones.","textoRecursoPaso2":null,"disponibilidades":[]}
------------------------------------
[04:18:54] [REQ#1 agenda=82 recurso=213] Нет свободных мест.
[04:18:54] [REQ#2 agenda=7 recurso=214] Старт запроса.
[04:18:55] [REQ#2 agenda=7 recurso=214] HTTP 200
------ ОТВЕТ СЕРВЕРА (REQ#2 agenda=7 recurso=214) ------
{"textoAgendaPaso2":"","textoRecursoPaso2":null,"disponibilidades":[]}
------------------------------------
[04:18:55] [REQ#2 agenda=7 recurso=214] Нет свободных мест.
===== RUN 2025-10-30 04:20:55 -03 (minute 24/350, iter 13) =====
[04:20:56] [REQ#1 agenda=82 recurso=213] Старт запроса.
[04:20:57] [REQ#1 agenda=82 recurso=213] HTTP 200
------ ОТВЕТ СЕРВЕРА (REQ#1 agenda=82 recurso=213) ------
{"textoAgendaPaso2":"SOLO REALICE UNA RESERVA si cuenta con toda la \r\ndocumentaci\u00f3n en forma, ya que una vez abonada \r\nno habr\u00e1 devoluciones.","textoRecursoPaso2":null,"disponibilidades":[]}
------------------------------------
[04:20:57] [REQ#1 agenda=82 recurso=213] Нет свободных мест.
[04:20:57] [REQ#2 agenda=7 recurso=214] Старт запроса.
[04:20:58] [REQ#2 agenda=7 recurso=214] HTTP 200
------ ОТВЕТ СЕРВЕРА (REQ#2 agenda=7 recurso=214) ------
{"textoAgendaPaso2":"","textoRecursoPaso2":null,"disponibilidades":[]}
------------------------------------
[04:20:58] [REQ#2 agenda=7 recurso=214] Нет свободных мест.
