===== RUN 2025-10-26 00:25:52 -03 (minute 0/350, iter 1) =====
[00:25:53] [REQ#1 agenda=82 recurso=213] Старт запроса.
[00:25:54] [REQ#1 agenda=82 recurso=213] HTTP 200
------ ОТВЕТ СЕРВЕРА (REQ#1 agenda=82 recurso=213) ------
{"textoAgendaPaso2":"SOLO REALICE UNA RESERVA si cuenta con toda la \r\ndocumentaci\u00f3n en forma, ya que una vez abonada \r\nno habr\u00e1 devoluciones.","textoRecursoPaso2":null,"disponibilidades":[]}
------------------------------------
[00:25:54] [REQ#1 agenda=82 recurso=213] Нет свободных мест.
[00:25:54] [REQ#2 agenda=7 recurso=214] Старт запроса.
[00:25:55] [REQ#2 agenda=7 recurso=214] HTTP 200
------ ОТВЕТ СЕРВЕРА (REQ#2 agenda=7 recurso=214) ------
{"textoAgendaPaso2":"","textoRecursoPaso2":null,"disponibilidades":[]}
------------------------------------
[00:25:55] [REQ#2 agenda=7 recurso=214] Нет свободных мест.
===== RUN 2025-10-26 00:27:56 -03 (minute 2/350, iter 2) =====
[00:27:56] [REQ#1 agenda=82 recurso=213] Старт запроса.
[00:27:57] [REQ#1 agenda=82 recurso=213] HTTP 200
------ ОТВЕТ СЕРВЕРА (REQ#1 agenda=82 recurso=213) ------
{"textoAgendaPaso2":"SOLO REALICE UNA RESERVA si cuenta con toda la \r\ndocumentaci\u00f3n en forma, ya que una vez abonada \r\nno habr\u00e1 devoluciones.","textoRecursoPaso2":null,"disponibilidades":[]}
------------------------------------
[00:27:57] [REQ#1 agenda=82 recurso=213] Нет свободных мест.
[00:27:57] [REQ#2 agenda=7 recurso=214] Старт запроса.
[00:27:58] [REQ#2 agenda=7 recurso=214] HTTP 200
------ ОТВЕТ СЕРВЕРА (REQ#2 agenda=7 recurso=214) ------
{"textoAgendaPaso2":"","textoRecursoPaso2":null,"disponibilidades":[]}
------------------------------------
[00:27:58] [REQ#2 agenda=7 recurso=214] Нет свободных мест.
===== RUN 2025-10-26 00:29:59 -03 (minute 4/350, iter 3) =====
[00:29:59] [REQ#1 agenda=82 recurso=213] Старт запроса.
[00:30:01] [REQ#1 agenda=82 recurso=213] HTTP 200
------ ОТВЕТ СЕРВЕРА (REQ#1 agenda=82 recurso=213) ------
{"textoAgendaPaso2":"SOLO REALICE UNA RESERVA si cuenta con toda la \r\ndocumentaci\u00f3n en forma, ya que una vez abonada \r\nno habr\u00e1 devoluciones.","textoRecursoPaso2":null,"disponibilidades":[]}
------------------------------------
[00:30:01] [REQ#1 agenda=82 recurso=213] Нет свободных мест.
[00:30:01] [REQ#2 agenda=7 recurso=214] Старт запроса.
[00:30:02] [REQ#2 agenda=7 recurso=214] HTTP 200
------ ОТВЕТ СЕРВЕРА (REQ#2 agenda=7 recurso=214) ------
{"textoAgendaPaso2":"","textoRecursoPaso2":null,"disponibilidades":[]}
------------------------------------
[00:30:02] [REQ#2 agenda=7 recurso=214] Нет свободных мест.
===== RUN 2025-10-26 00:32:02 -03 (minute 6/350, iter 4) =====
[00:32:02] [REQ#1 agenda=82 recurso=213] Старт запроса.
[00:32:04] [REQ#1 agenda=82 recurso=213] HTTP 200
------ ОТВЕТ СЕРВЕРА (REQ#1 agenda=82 recurso=213) ------
{"textoAgendaPaso2":"SOLO REALICE UNA RESERVA si cuenta con toda la \r\ndocumentaci\u00f3n en forma, ya que una vez abonada \r\nno habr\u00e1 devoluciones.","textoRecursoPaso2":null,"disponibilidades":[]}
------------------------------------
[00:32:04] [REQ#1 agenda=82 recurso=213] Нет свободных мест.
[00:32:04] [REQ#2 agenda=7 recurso=214] Старт запроса.
[00:32:05] [REQ#2 agenda=7 recurso=214] HTTP 200
------ ОТВЕТ СЕРВЕРА (REQ#2 agenda=7 recurso=214) ------
{"textoAgendaPaso2":"","textoRecursoPaso2":null,"disponibilidades":[]}
------------------------------------
[00:32:05] [REQ#2 agenda=7 recurso=214] Нет свободных мест.
