===== RUN 2025-10-29 04:30:50 -03 (minute 0/350, iter 1) =====
[04:30:52] [REQ#1 agenda=82 recurso=213] Старт запроса.
[04:30:54] [REQ#1 agenda=82 recurso=213] HTTP 200
------ ОТВЕТ СЕРВЕРА (REQ#1 agenda=82 recurso=213) ------
{"textoAgendaPaso2":"SOLO REALICE UNA RESERVA si cuenta con toda la \r\ndocumentaci\u00f3n en forma, ya que una vez abonada \r\nno habr\u00e1 devoluciones.","textoRecursoPaso2":null,"disponibilidades":[]}
------------------------------------
[04:30:54] [REQ#1 agenda=82 recurso=213] Нет свободных мест.
[04:30:54] [REQ#2 agenda=7 recurso=214] Старт запроса.
[04:30:55] [REQ#2 agenda=7 recurso=214] HTTP 200
------ ОТВЕТ СЕРВЕРА (REQ#2 agenda=7 recurso=214) ------
{"textoAgendaPaso2":"","textoRecursoPaso2":null,"disponibilidades":[]}
------------------------------------
[04:30:55] [REQ#2 agenda=7 recurso=214] Нет свободных мест.
===== RUN 2025-10-29 04:32:55 -03 (minute 2/350, iter 2) =====
[04:32:55] [REQ#1 agenda=82 recurso=213] Старт запроса.
[04:32:57] [REQ#1 agenda=82 recurso=213] HTTP 200
------ ОТВЕТ СЕРВЕРА (REQ#1 agenda=82 recurso=213) ------
{"textoAgendaPaso2":"SOLO REALICE UNA RESERVA si cuenta con toda la \r\ndocumentaci\u00f3n en forma, ya que una vez abonada \r\nno habr\u00e1 devoluciones.","textoRecursoPaso2":null,"disponibilidades":[]}
------------------------------------
[04:32:57] [REQ#1 agenda=82 recurso=213] Нет свободных мест.
[04:32:57] [REQ#2 agenda=7 recurso=214] Старт запроса.
[04:32:58] [REQ#2 agenda=7 recurso=214] HTTP 200
------ ОТВЕТ СЕРВЕРА (REQ#2 agenda=7 recurso=214) ------
{"textoAgendaPaso2":"","textoRecursoPaso2":null,"disponibilidades":[]}
------------------------------------
[04:32:58] [REQ#2 agenda=7 recurso=214] Нет свободных мест.
===== RUN 2025-10-29 04:34:59 -03 (minute 4/350, iter 3) =====
[04:34:59] [REQ#1 agenda=82 recurso=213] Старт запроса.
[04:35:00] [REQ#1 agenda=82 recurso=213] HTTP 200
------ ОТВЕТ СЕРВЕРА (REQ#1 agenda=82 recurso=213) ------
{"textoAgendaPaso2":"SOLO REALICE UNA RESERVA si cuenta con toda la \r\ndocumentaci\u00f3n en forma, ya que una vez abonada \r\nno habr\u00e1 devoluciones.","textoRecursoPaso2":null,"disponibilidades":[]}
------------------------------------
[04:35:00] [REQ#1 agenda=82 recurso=213] Нет свободных мест.
[04:35:00] [REQ#2 agenda=7 recurso=214] Старт запроса.
[04:35:01] [REQ#2 agenda=7 recurso=214] HTTP 200
------ ОТВЕТ СЕРВЕРА (REQ#2 agenda=7 recurso=214) ------
{"textoAgendaPaso2":"","textoRecursoPaso2":null,"disponibilidades":[]}
------------------------------------
[04:35:01] [REQ#2 agenda=7 recurso=214] Нет свободных мест.
