===== RUN 2025-10-31 03:20:40 -03 (minute 0/350, iter 1) =====
[03:20:42] [REQ#1 agenda=82 recurso=213] Старт запроса.
[03:20:43] [REQ#1 agenda=82 recurso=213] HTTP 200
------ ОТВЕТ СЕРВЕРА (REQ#1 agenda=82 recurso=213) ------
{"textoAgendaPaso2":"SOLO REALICE UNA RESERVA si cuenta con toda la \r\ndocumentaci\u00f3n en forma, ya que una vez abonada \r\nno habr\u00e1 devoluciones.","textoRecursoPaso2":null,"disponibilidades":[]}
------------------------------------
[03:20:43] [REQ#1 agenda=82 recurso=213] Нет свободных мест.
[03:20:43] [REQ#2 agenda=7 recurso=214] Старт запроса.
[03:20:44] [REQ#2 agenda=7 recurso=214] HTTP 200
------ ОТВЕТ СЕРВЕРА (REQ#2 agenda=7 recurso=214) ------
{"textoAgendaPaso2":"","textoRecursoPaso2":null,"disponibilidades":[]}
------------------------------------
[03:20:44] [REQ#2 agenda=7 recurso=214] Нет свободных мест.
===== RUN 2025-10-31 03:22:45 -03 (minute 2/350, iter 2) =====
[03:22:45] [REQ#1 agenda=82 recurso=213] Старт запроса.
[03:22:47] [REQ#1 agenda=82 recurso=213] HTTP 200
------ ОТВЕТ СЕРВЕРА (REQ#1 agenda=82 recurso=213) ------
{"textoAgendaPaso2":"SOLO REALICE UNA RESERVA si cuenta con toda la \r\ndocumentaci\u00f3n en forma, ya que una vez abonada \r\nno habr\u00e1 devoluciones.","textoRecursoPaso2":null,"disponibilidades":[]}
------------------------------------
[03:22:47] [REQ#1 agenda=82 recurso=213] Нет свободных мест.
[03:22:47] [REQ#2 agenda=7 recurso=214] Старт запроса.
[03:22:48] [REQ#2 agenda=7 recurso=214] HTTP 200
------ ОТВЕТ СЕРВЕРА (REQ#2 agenda=7 recurso=214) ------
{"textoAgendaPaso2":"","textoRecursoPaso2":null,"disponibilidades":[]}
------------------------------------
[03:22:48] [REQ#2 agenda=7 recurso=214] Нет свободных мест.
===== RUN 2025-10-31 03:24:48 -03 (minute 4/350, iter 3) =====
[03:24:48] [REQ#1 agenda=82 recurso=213] Старт запроса.
[03:24:50] [REQ#1 agenda=82 recurso=213] HTTP 200
------ ОТВЕТ СЕРВЕРА (REQ#1 agenda=82 recurso=213) ------
{"textoAgendaPaso2":"SOLO REALICE UNA RESERVA si cuenta con toda la \r\ndocumentaci\u00f3n en forma, ya que una vez abonada \r\nno habr\u00e1 devoluciones.","textoRecursoPaso2":null,"disponibilidades":[]}
------------------------------------
[03:24:50] [REQ#1 agenda=82 recurso=213] Нет свободных мест.
[03:24:50] [REQ#2 agenda=7 recurso=214] Старт запроса.
[03:24:51] [REQ#2 agenda=7 recurso=214] HTTP 200
------ ОТВЕТ СЕРВЕРА (REQ#2 agenda=7 recurso=214) ------
{"textoAgendaPaso2":"","textoRecursoPaso2":null,"disponibilidades":[]}
------------------------------------
[03:24:51] [REQ#2 agenda=7 recurso=214] Нет свободных мест.
===== RUN 2025-10-31 03:26:51 -03 (minute 6/350, iter 4) =====
[03:26:51] [REQ#1 agenda=82 recurso=213] Старт запроса.
[03:26:53] [REQ#1 agenda=82 recurso=213] HTTP 200
------ ОТВЕТ СЕРВЕРА (REQ#1 agenda=82 recurso=213) ------
{"textoAgendaPaso2":"SOLO REALICE UNA RESERVA si cuenta con toda la \r\ndocumentaci\u00f3n en forma, ya que una vez abonada \r\nno habr\u00e1 devoluciones.","textoRecursoPaso2":null,"disponibilidades":[]}
------------------------------------
[03:26:53] [REQ#1 agenda=82 recurso=213] Нет свободных мест.
[03:26:53] [REQ#2 agenda=7 recurso=214] Старт запроса.
[03:26:54] [REQ#2 agenda=7 recurso=214] HTTP 200
------ ОТВЕТ СЕРВЕРА (REQ#2 agenda=7 recurso=214) ------
{"textoAgendaPaso2":"","textoRecursoPaso2":null,"disponibilidades":[]}
------------------------------------
[03:26:54] [REQ#2 agenda=7 recurso=214] Нет свободных мест.
