===== RUN 2025-10-28 05:07:01 -03 (minute 0/350, iter 1) =====
[05:07:02] [REQ#1 agenda=82 recurso=213] Старт запроса.
[05:07:04] [REQ#1 agenda=82 recurso=213] HTTP 200
------ ОТВЕТ СЕРВЕРА (REQ#1 agenda=82 recurso=213) ------
{"textoAgendaPaso2":"SOLO REALICE UNA RESERVA si cuenta con toda la \r\ndocumentaci\u00f3n en forma, ya que una vez abonada \r\nno habr\u00e1 devoluciones.","textoRecursoPaso2":null,"disponibilidades":[]}
------------------------------------
[05:07:04] [REQ#1 agenda=82 recurso=213] Нет свободных мест.
[05:07:04] [REQ#2 agenda=7 recurso=214] Старт запроса.
[05:07:05] [REQ#2 agenda=7 recurso=214] HTTP 200
------ ОТВЕТ СЕРВЕРА (REQ#2 agenda=7 recurso=214) ------
{"textoAgendaPaso2":"","textoRecursoPaso2":null,"disponibilidades":[]}
------------------------------------
[05:07:05] [REQ#2 agenda=7 recurso=214] Нет свободных мест.
===== RUN 2025-10-28 05:09:06 -03 (minute 2/350, iter 2) =====
[05:09:06] [REQ#1 agenda=82 recurso=213] Старт запроса.
[05:09:08] [REQ#1 agenda=82 recurso=213] HTTP 200
------ ОТВЕТ СЕРВЕРА (REQ#1 agenda=82 recurso=213) ------
{"textoAgendaPaso2":"SOLO REALICE UNA RESERVA si cuenta con toda la \r\ndocumentaci\u00f3n en forma, ya que una vez abonada \r\nno habr\u00e1 devoluciones.","textoRecursoPaso2":null,"disponibilidades":[]}
------------------------------------
[05:09:08] [REQ#1 agenda=82 recurso=213] Нет свободных мест.
[05:09:08] [REQ#2 agenda=7 recurso=214] Старт запроса.
[05:09:09] [REQ#2 agenda=7 recurso=214] HTTP 200
------ ОТВЕТ СЕРВЕРА (REQ#2 agenda=7 recurso=214) ------
{"textoAgendaPaso2":"","textoRecursoPaso2":null,"disponibilidades":[]}
------------------------------------
[05:09:09] [REQ#2 agenda=7 recurso=214] Нет свободных мест.
===== RUN 2025-10-28 05:11:10 -03 (minute 4/350, iter 3) =====
[05:11:10] [REQ#1 agenda=82 recurso=213] Старт запроса.
[05:11:12] [REQ#1 agenda=82 recurso=213] HTTP 200
------ ОТВЕТ СЕРВЕРА (REQ#1 agenda=82 recurso=213) ------
{"textoAgendaPaso2":"SOLO REALICE UNA RESERVA si cuenta con toda la \r\ndocumentaci\u00f3n en forma, ya que una vez abonada \r\nno habr\u00e1 devoluciones.","textoRecursoPaso2":null,"disponibilidades":[]}
------------------------------------
[05:11:12] [REQ#1 agenda=82 recurso=213] Нет свободных мест.
[05:11:12] [REQ#2 agenda=7 recurso=214] Старт запроса.
[05:11:13] [REQ#2 agenda=7 recurso=214] HTTP 200
------ ОТВЕТ СЕРВЕРА (REQ#2 agenda=7 recurso=214) ------
{"textoAgendaPaso2":"","textoRecursoPaso2":null,"disponibilidades":[]}
------------------------------------
[05:11:13] [REQ#2 agenda=7 recurso=214] Нет свободных мест.
===== RUN 2025-10-28 05:13:14 -03 (minute 6/350, iter 4) =====
[05:13:14] [REQ#1 agenda=82 recurso=213] Старт запроса.
[05:13:16] [REQ#1 agenda=82 recurso=213] HTTP 200
------ ОТВЕТ СЕРВЕРА (REQ#1 agenda=82 recurso=213) ------
{"textoAgendaPaso2":"SOLO REALICE UNA RESERVA si cuenta con toda la \r\ndocumentaci\u00f3n en forma, ya que una vez abonada \r\nno habr\u00e1 devoluciones.","textoRecursoPaso2":null,"disponibilidades":[]}
------------------------------------
[05:13:16] [REQ#1 agenda=82 recurso=213] Нет свободных мест.
[05:13:16] [REQ#2 agenda=7 recurso=214] Старт запроса.
[05:13:17] [REQ#2 agenda=7 recurso=214] HTTP 200
------ ОТВЕТ СЕРВЕРА (REQ#2 agenda=7 recurso=214) ------
{"textoAgendaPaso2":"","textoRecursoPaso2":null,"disponibilidades":[]}
------------------------------------
[05:13:17] [REQ#2 agenda=7 recurso=214] Нет свободных мест.
